// Jest Snapshot v1, https://goo.gl/fbAQLP

exports[`Reporting APIs CSV generation from SearchSource date formatting Formatted date_nanos data, UTC timezone 1`] = `
"date,message
\\"Jan 1, 2015 @ 12:10:30.123456789\\",\\"Hello 2\\"
\\"Jan 1, 2015 @ 12:10:30.000000000\\",\\"Hello 1\\"
"
`;

exports[`Reporting APIs CSV generation from SearchSource date formatting Formatted date_nanos data, custom time zone 1`] = `
"date,message
\\"Jan 1, 2015 @ 07:10:30.123456789\\",\\"Hello 2\\"
\\"Jan 1, 2015 @ 07:10:30.000000000\\",\\"Hello 1\\"
"
`;

exports[`Reporting APIs CSV generation from SearchSource date formatting With filters and timebased data, custom timezone 1`] = `
"\\"'@timestamp\\",clientip,extension
\\"Sep 20, 2015 @ 03:26:48.725\\",\\"74.214.76.90\\",jpg
\\"Sep 20, 2015 @ 03:26:48.540\\",\\"146.86.123.109\\",jpg
\\"Sep 20, 2015 @ 03:26:48.353\\",\\"233.126.159.144\\",jpg
\\"Sep 20, 2015 @ 03:26:45.468\\",\\"153.139.156.196\\",png
\\"Sep 20, 2015 @ 03:26:34.063\\",\\"25.140.171.133\\",css
\\"Sep 20, 2015 @ 03:26:11.181\\",\\"239.249.202.59\\",jpg
\\"Sep 20, 2015 @ 03:26:00.639\\",\\"95.59.225.31\\",css
\\"Sep 20, 2015 @ 03:26:00.094\\",\\"247.174.57.245\\",jpg
\\"Sep 20, 2015 @ 03:25:55.744\\",\\"116.126.47.226\\",css
\\"Sep 20, 2015 @ 03:25:54.701\\",\\"169.228.188.120\\",jpg
\\"Sep 20, 2015 @ 03:25:52.360\\",\\"74.224.77.232\\",css
\\"Sep 20, 2015 @ 03:25:49.913\\",\\"97.83.96.39\\",css
\\"Sep 20, 2015 @ 03:25:44.979\\",\\"175.188.44.145\\",css
\\"Sep 20, 2015 @ 03:25:40.968\\",\\"89.143.125.181\\",jpg
\\"Sep 20, 2015 @ 03:25:36.331\\",\\"231.169.195.137\\",css
\\"Sep 20, 2015 @ 03:25:34.064\\",\\"137.205.146.206\\",jpg
\\"Sep 20, 2015 @ 03:25:32.312\\",\\"53.0.188.251\\",jpg
\\"Sep 20, 2015 @ 03:25:27.254\\",\\"111.214.104.239\\",jpg
\\"Sep 20, 2015 @ 03:25:22.561\\",\\"111.46.85.146\\",jpg
\\"Sep 20, 2015 @ 03:25:06.674\\",\\"55.100.60.111\\",jpg
\\"Sep 20, 2015 @ 03:25:05.114\\",\\"34.197.178.155\\",jpg
\\"Sep 20, 2015 @ 03:24:55.114\\",\\"163.123.136.118\\",jpg
\\"Sep 20, 2015 @ 03:24:54.818\\",\\"11.195.163.57\\",jpg
\\"Sep 20, 2015 @ 03:24:53.742\\",\\"96.222.137.213\\",png
\\"Sep 20, 2015 @ 03:24:48.798\\",\\"227.228.214.218\\",jpg
\\"Sep 20, 2015 @ 03:24:20.223\\",\\"228.53.110.116\\",jpg
\\"Sep 20, 2015 @ 03:24:01.794\\",\\"196.131.253.111\\",png
\\"Sep 20, 2015 @ 03:23:49.521\\",\\"125.163.133.47\\",jpg
\\"Sep 20, 2015 @ 03:23:45.816\\",\\"148.47.216.255\\",jpg
\\"Sep 20, 2015 @ 03:23:36.052\\",\\"51.105.100.214\\",jpg
\\"Sep 20, 2015 @ 03:23:34.323\\",\\"41.210.252.157\\",gif
\\"Sep 20, 2015 @ 03:23:27.213\\",\\"248.163.75.193\\",png
\\"Sep 20, 2015 @ 03:23:14.866\\",\\"48.43.210.167\\",png
\\"Sep 20, 2015 @ 03:23:10.578\\",\\"33.95.78.209\\",css
\\"Sep 20, 2015 @ 03:23:07.001\\",\\"96.40.73.208\\",css
\\"Sep 20, 2015 @ 03:23:02.876\\",\\"174.32.230.63\\",jpg
\\"Sep 20, 2015 @ 03:23:00.019\\",\\"140.233.207.177\\",jpg
\\"Sep 20, 2015 @ 03:22:47.447\\",\\"37.127.124.65\\",jpg
\\"Sep 20, 2015 @ 03:22:45.803\\",\\"130.171.208.139\\",png
\\"Sep 20, 2015 @ 03:22:45.590\\",\\"39.250.210.253\\",jpg
\\"Sep 20, 2015 @ 03:22:43.997\\",\\"248.239.221.43\\",css
\\"Sep 20, 2015 @ 03:22:36.107\\",\\"232.64.207.109\\",gif
\\"Sep 20, 2015 @ 03:22:30.527\\",\\"24.186.122.118\\",jpg
\\"Sep 20, 2015 @ 03:22:25.697\\",\\"23.3.174.206\\",jpg
\\"Sep 20, 2015 @ 03:22:08.272\\",\\"185.170.80.142\\",php
\\"Sep 20, 2015 @ 03:21:40.822\\",\\"202.22.74.232\\",png
\\"Sep 20, 2015 @ 03:21:36.210\\",\\"39.227.27.167\\",jpg
\\"Sep 20, 2015 @ 03:21:19.154\\",\\"140.233.207.177\\",jpg
\\"Sep 20, 2015 @ 03:21:09.852\\",\\"22.151.97.227\\",jpg
\\"Sep 20, 2015 @ 03:21:06.079\\",\\"157.39.25.197\\",css
\\"Sep 20, 2015 @ 03:21:01.357\\",\\"37.127.124.65\\",jpg
\\"Sep 20, 2015 @ 03:20:56.519\\",\\"23.184.94.58\\",jpg
\\"Sep 20, 2015 @ 03:20:40.189\\",\\"80.83.92.252\\",jpg
\\"Sep 20, 2015 @ 03:20:27.012\\",\\"66.194.157.171\\",png
\\"Sep 20, 2015 @ 03:20:24.450\\",\\"15.191.218.38\\",jpg
"
`;

exports[`Reporting APIs CSV generation from SearchSource date formatting With filters and timebased data, default to UTC 1`] = `
"\\"'@timestamp\\",clientip,extension
\\"Sep 20, 2015 @ 10:26:48.725\\",\\"74.214.76.90\\",jpg
\\"Sep 20, 2015 @ 10:26:48.540\\",\\"146.86.123.109\\",jpg
\\"Sep 20, 2015 @ 10:26:48.353\\",\\"233.126.159.144\\",jpg
\\"Sep 20, 2015 @ 10:26:45.468\\",\\"153.139.156.196\\",png
\\"Sep 20, 2015 @ 10:26:34.063\\",\\"25.140.171.133\\",css
\\"Sep 20, 2015 @ 10:26:11.181\\",\\"239.249.202.59\\",jpg
\\"Sep 20, 2015 @ 10:26:00.639\\",\\"95.59.225.31\\",css
\\"Sep 20, 2015 @ 10:26:00.094\\",\\"247.174.57.245\\",jpg
\\"Sep 20, 2015 @ 10:25:55.744\\",\\"116.126.47.226\\",css
\\"Sep 20, 2015 @ 10:25:54.701\\",\\"169.228.188.120\\",jpg
\\"Sep 20, 2015 @ 10:25:52.360\\",\\"74.224.77.232\\",css
\\"Sep 20, 2015 @ 10:25:49.913\\",\\"97.83.96.39\\",css
\\"Sep 20, 2015 @ 10:25:44.979\\",\\"175.188.44.145\\",css
\\"Sep 20, 2015 @ 10:25:40.968\\",\\"89.143.125.181\\",jpg
\\"Sep 20, 2015 @ 10:25:36.331\\",\\"231.169.195.137\\",css
\\"Sep 20, 2015 @ 10:25:34.064\\",\\"137.205.146.206\\",jpg
\\"Sep 20, 2015 @ 10:25:32.312\\",\\"53.0.188.251\\",jpg
\\"Sep 20, 2015 @ 10:25:27.254\\",\\"111.214.104.239\\",jpg
\\"Sep 20, 2015 @ 10:25:22.561\\",\\"111.46.85.146\\",jpg
\\"Sep 20, 2015 @ 10:25:06.674\\",\\"55.100.60.111\\",jpg
\\"Sep 20, 2015 @ 10:25:05.114\\",\\"34.197.178.155\\",jpg
\\"Sep 20, 2015 @ 10:24:55.114\\",\\"163.123.136.118\\",jpg
\\"Sep 20, 2015 @ 10:24:54.818\\",\\"11.195.163.57\\",jpg
\\"Sep 20, 2015 @ 10:24:53.742\\",\\"96.222.137.213\\",png
\\"Sep 20, 2015 @ 10:24:48.798\\",\\"227.228.214.218\\",jpg
\\"Sep 20, 2015 @ 10:24:20.223\\",\\"228.53.110.116\\",jpg
\\"Sep 20, 2015 @ 10:24:01.794\\",\\"196.131.253.111\\",png
\\"Sep 20, 2015 @ 10:23:49.521\\",\\"125.163.133.47\\",jpg
\\"Sep 20, 2015 @ 10:23:45.816\\",\\"148.47.216.255\\",jpg
\\"Sep 20, 2015 @ 10:23:36.052\\",\\"51.105.100.214\\",jpg
\\"Sep 20, 2015 @ 10:23:34.323\\",\\"41.210.252.157\\",gif
\\"Sep 20, 2015 @ 10:23:27.213\\",\\"248.163.75.193\\",png
\\"Sep 20, 2015 @ 10:23:14.866\\",\\"48.43.210.167\\",png
\\"Sep 20, 2015 @ 10:23:10.578\\",\\"33.95.78.209\\",css
\\"Sep 20, 2015 @ 10:23:07.001\\",\\"96.40.73.208\\",css
\\"Sep 20, 2015 @ 10:23:02.876\\",\\"174.32.230.63\\",jpg
\\"Sep 20, 2015 @ 10:23:00.019\\",\\"140.233.207.177\\",jpg
\\"Sep 20, 2015 @ 10:22:47.447\\",\\"37.127.124.65\\",jpg
\\"Sep 20, 2015 @ 10:22:45.803\\",\\"130.171.208.139\\",png
\\"Sep 20, 2015 @ 10:22:45.590\\",\\"39.250.210.253\\",jpg
\\"Sep 20, 2015 @ 10:22:43.997\\",\\"248.239.221.43\\",css
\\"Sep 20, 2015 @ 10:22:36.107\\",\\"232.64.207.109\\",gif
\\"Sep 20, 2015 @ 10:22:30.527\\",\\"24.186.122.118\\",jpg
\\"Sep 20, 2015 @ 10:22:25.697\\",\\"23.3.174.206\\",jpg
\\"Sep 20, 2015 @ 10:22:08.272\\",\\"185.170.80.142\\",php
\\"Sep 20, 2015 @ 10:21:40.822\\",\\"202.22.74.232\\",png
\\"Sep 20, 2015 @ 10:21:36.210\\",\\"39.227.27.167\\",jpg
\\"Sep 20, 2015 @ 10:21:19.154\\",\\"140.233.207.177\\",jpg
\\"Sep 20, 2015 @ 10:21:09.852\\",\\"22.151.97.227\\",jpg
\\"Sep 20, 2015 @ 10:21:06.079\\",\\"157.39.25.197\\",css
\\"Sep 20, 2015 @ 10:21:01.357\\",\\"37.127.124.65\\",jpg
\\"Sep 20, 2015 @ 10:20:56.519\\",\\"23.184.94.58\\",jpg
\\"Sep 20, 2015 @ 10:20:40.189\\",\\"80.83.92.252\\",jpg
\\"Sep 20, 2015 @ 10:20:27.012\\",\\"66.194.157.171\\",png
\\"Sep 20, 2015 @ 10:20:24.450\\",\\"15.191.218.38\\",jpg
"
`;

exports[`Reporting APIs CSV generation from SearchSource date formatting With filters and timebased data, explicit UTC format 1`] = `
"\\"'@timestamp\\",clientip,extension
\\"Sep 20, 2015 @ 10:26:48.725\\",\\"74.214.76.90\\",jpg
\\"Sep 20, 2015 @ 10:26:48.540\\",\\"146.86.123.109\\",jpg
\\"Sep 20, 2015 @ 10:26:48.353\\",\\"233.126.159.144\\",jpg
\\"Sep 20, 2015 @ 10:26:45.468\\",\\"153.139.156.196\\",png
\\"Sep 20, 2015 @ 10:26:34.063\\",\\"25.140.171.133\\",css
\\"Sep 20, 2015 @ 10:26:11.181\\",\\"239.249.202.59\\",jpg
\\"Sep 20, 2015 @ 10:26:00.639\\",\\"95.59.225.31\\",css
\\"Sep 20, 2015 @ 10:26:00.094\\",\\"247.174.57.245\\",jpg
\\"Sep 20, 2015 @ 10:25:55.744\\",\\"116.126.47.226\\",css
\\"Sep 20, 2015 @ 10:25:54.701\\",\\"169.228.188.120\\",jpg
\\"Sep 20, 2015 @ 10:25:52.360\\",\\"74.224.77.232\\",css
\\"Sep 20, 2015 @ 10:25:49.913\\",\\"97.83.96.39\\",css
\\"Sep 20, 2015 @ 10:25:44.979\\",\\"175.188.44.145\\",css
\\"Sep 20, 2015 @ 10:25:40.968\\",\\"89.143.125.181\\",jpg
\\"Sep 20, 2015 @ 10:25:36.331\\",\\"231.169.195.137\\",css
\\"Sep 20, 2015 @ 10:25:34.064\\",\\"137.205.146.206\\",jpg
\\"Sep 20, 2015 @ 10:25:32.312\\",\\"53.0.188.251\\",jpg
\\"Sep 20, 2015 @ 10:25:27.254\\",\\"111.214.104.239\\",jpg
\\"Sep 20, 2015 @ 10:25:22.561\\",\\"111.46.85.146\\",jpg
\\"Sep 20, 2015 @ 10:25:06.674\\",\\"55.100.60.111\\",jpg
\\"Sep 20, 2015 @ 10:25:05.114\\",\\"34.197.178.155\\",jpg
\\"Sep 20, 2015 @ 10:24:55.114\\",\\"163.123.136.118\\",jpg
\\"Sep 20, 2015 @ 10:24:54.818\\",\\"11.195.163.57\\",jpg
\\"Sep 20, 2015 @ 10:24:53.742\\",\\"96.222.137.213\\",png
\\"Sep 20, 2015 @ 10:24:48.798\\",\\"227.228.214.218\\",jpg
\\"Sep 20, 2015 @ 10:24:20.223\\",\\"228.53.110.116\\",jpg
\\"Sep 20, 2015 @ 10:24:01.794\\",\\"196.131.253.111\\",png
\\"Sep 20, 2015 @ 10:23:49.521\\",\\"125.163.133.47\\",jpg
\\"Sep 20, 2015 @ 10:23:45.816\\",\\"148.47.216.255\\",jpg
\\"Sep 20, 2015 @ 10:23:36.052\\",\\"51.105.100.214\\",jpg
\\"Sep 20, 2015 @ 10:23:34.323\\",\\"41.210.252.157\\",gif
\\"Sep 20, 2015 @ 10:23:27.213\\",\\"248.163.75.193\\",png
\\"Sep 20, 2015 @ 10:23:14.866\\",\\"48.43.210.167\\",png
\\"Sep 20, 2015 @ 10:23:10.578\\",\\"33.95.78.209\\",css
\\"Sep 20, 2015 @ 10:23:07.001\\",\\"96.40.73.208\\",css
\\"Sep 20, 2015 @ 10:23:02.876\\",\\"174.32.230.63\\",jpg
\\"Sep 20, 2015 @ 10:23:00.019\\",\\"140.233.207.177\\",jpg
\\"Sep 20, 2015 @ 10:22:47.447\\",\\"37.127.124.65\\",jpg
\\"Sep 20, 2015 @ 10:22:45.803\\",\\"130.171.208.139\\",png
\\"Sep 20, 2015 @ 10:22:45.590\\",\\"39.250.210.253\\",jpg
\\"Sep 20, 2015 @ 10:22:43.997\\",\\"248.239.221.43\\",css
\\"Sep 20, 2015 @ 10:22:36.107\\",\\"232.64.207.109\\",gif
\\"Sep 20, 2015 @ 10:22:30.527\\",\\"24.186.122.118\\",jpg
\\"Sep 20, 2015 @ 10:22:25.697\\",\\"23.3.174.206\\",jpg
\\"Sep 20, 2015 @ 10:22:08.272\\",\\"185.170.80.142\\",php
\\"Sep 20, 2015 @ 10:21:40.822\\",\\"202.22.74.232\\",png
\\"Sep 20, 2015 @ 10:21:36.210\\",\\"39.227.27.167\\",jpg
\\"Sep 20, 2015 @ 10:21:19.154\\",\\"140.233.207.177\\",jpg
\\"Sep 20, 2015 @ 10:21:09.852\\",\\"22.151.97.227\\",jpg
\\"Sep 20, 2015 @ 10:21:06.079\\",\\"157.39.25.197\\",css
\\"Sep 20, 2015 @ 10:21:01.357\\",\\"37.127.124.65\\",jpg
\\"Sep 20, 2015 @ 10:20:56.519\\",\\"23.184.94.58\\",jpg
\\"Sep 20, 2015 @ 10:20:40.189\\",\\"80.83.92.252\\",jpg
\\"Sep 20, 2015 @ 10:20:27.012\\",\\"66.194.157.171\\",png
\\"Sep 20, 2015 @ 10:20:24.450\\",\\"15.191.218.38\\",jpg
"
`;

exports[`Reporting APIs CSV generation from SearchSource non-timebased Handle _id and _index columns 1`] = `
"date,message,\\"_id\\",\\"_index\\"
\\"Jan 1, 2015 @ 12:10:30.123456789\\",\\"Hello 2\\",\\"insert_real_id\\",\\"insert_real_index\\"
\\"Jan 1, 2015 @ 12:10:30.000000000\\",\\"Hello 1\\",\\"insert_real_id\\",\\"insert_real_index\\"
"
`;

exports[`Reporting APIs CSV generation from SearchSource non-timebased With filters and non-timebased data 1`] = `
"name,power
\\"Jonelle-Jane Marth\\",1
\\"Suzie-May Rishel\\",1
\\"Suzie-May Rishel\\",2
\\"Rosana Casto\\",2
\\"Stephen Cortez\\",4
\\"Jonelle-Jane Marth\\",6
\\"Jonelle-Jane Marth\\",7
\\"Florinda Alejandro\\",10
\\"Jonelle-Jane Marth\\",14
\\"Suzie-May Rishel\\",19
\\"Suzie-May Rishel\\",20
\\"Florinda Alejandro\\",22
"
`;

exports[`Reporting APIs CSV generation from SearchSource non-timebased With scripted fields and field formatters 1`] = `
"date,name,percent,value,year,\\"years_ago\\",gender
\\"Jan 1, 1981 @ 00:00:00.000\\",Fecki,0,78,\\"1,981\\",\\"38.00000000000000000000\\",F
\\"Jan 1, 1981 @ 00:00:00.000\\",Fekki,0,6,\\"1,981\\",\\"38.00000000000000000000\\",F
\\"Jan 1, 1981 @ 00:00:00.000\\",Felina,0,6,\\"1,981\\",\\"38.00000000000000000000\\",F
\\"Jan 1, 1981 @ 00:00:00.000\\",Felinda,\\"0.001\\",\\"1,886\\",\\"1,981\\",\\"38.00000000000000000000\\",F
\\"Jan 1, 1981 @ 00:00:00.000\\",Felisa,0,5,\\"1,981\\",\\"38.00000000000000000000\\",F
\\"Jan 1, 1981 @ 00:00:00.000\\",Felita,0,8,\\"1,981\\",\\"38.00000000000000000000\\",F
\\"Jan 1, 1981 @ 00:00:00.000\\",Felkys,0,8,\\"1,981\\",\\"38.00000000000000000000\\",F
\\"Jan 1, 1981 @ 00:00:00.000\\",Felma,0,8,\\"1,981\\",\\"38.00000000000000000000\\",F
\\"Jan 1, 1981 @ 00:00:00.000\\",Fenita,0,219,\\"1,981\\",\\"38.00000000000000000000\\",F
\\"Jan 1, 1981 @ 00:00:00.000\\",Fenjamin,0,27,\\"1,981\\",\\"38.00000000000000000000\\",F
\\"Jan 1, 1981 @ 00:00:00.000\\",Fenji,0,5,\\"1,981\\",\\"38.00000000000000000000\\",F
\\"Jan 1, 1981 @ 00:00:00.000\\",Fennie,0,16,\\"1,981\\",\\"38.00000000000000000000\\",F
\\"Jan 1, 1980 @ 00:00:00.000\\",Fecki,0,92,\\"1,980\\",\\"39.00000000000000000000\\",F
\\"Jan 1, 1980 @ 00:00:00.000\\",Fecky,\\"0.001\\",\\"2,071\\",\\"1,980\\",\\"39.00000000000000000000\\",F
\\"Jan 1, 1980 @ 00:00:00.000\\",Felen,0,40,\\"1,980\\",\\"39.00000000000000000000\\",F
\\"Jan 1, 1980 @ 00:00:00.000\\",Felia,0,21,\\"1,980\\",\\"39.00000000000000000000\\",F
\\"Jan 1, 1980 @ 00:00:00.000\\",Felinda,\\"0.001\\",\\"1,620\\",\\"1,980\\",\\"39.00000000000000000000\\",F
\\"Jan 1, 1980 @ 00:00:00.000\\",Felkys,0,7,\\"1,980\\",\\"39.00000000000000000000\\",F
\\"Jan 1, 1980 @ 00:00:00.000\\",Fell,0,6,\\"1,980\\",\\"39.00000000000000000000\\",F
\\"Jan 1, 1980 @ 00:00:00.000\\",Felle,0,22,\\"1,980\\",\\"39.00000000000000000000\\",F
\\"Jan 1, 1980 @ 00:00:00.000\\",Felynda,0,31,\\"1,980\\",\\"39.00000000000000000000\\",F
\\"Jan 1, 1980 @ 00:00:00.000\\",Fenjamin,0,22,\\"1,980\\",\\"39.00000000000000000000\\",F
\\"Jan 1, 1980 @ 00:00:00.000\\",Fenny,0,5,\\"1,980\\",\\"39.00000000000000000000\\",F
\\"Jan 1, 1980 @ 00:00:00.000\\",Ferenice,0,9,\\"1,980\\",\\"39.00000000000000000000\\",F
\\"Jan 1, 1980 @ 00:00:00.000\\",Frijida,0,5,\\"1,980\\",\\"39.00000000000000000000\\",F
\\"Jan 1, 1980 @ 00:00:00.000\\",Frita,0,14,\\"1,980\\",\\"39.00000000000000000000\\",F
\\"Jan 1, 1980 @ 00:00:00.000\\",Fritney,0,10,\\"1,980\\",\\"39.00000000000000000000\\",F
"
`;

exports[`Reporting APIs CSV generation from SearchSource validation Stops at Max Size Reached 1`] = `
"date,year,name,value,\\"years_ago\\"
\\"Jan 1, 1984 @ 00:00:00.000\\",\\"1,984\\",Fiff,5,\\"35.00000000000000000000\\"
\\"Jan 1, 1984 @ 00:00:00.000\\",\\"1,984\\",Fillie,135,\\"35.00000000000000000000\\"
\\"Jan 1, 1984 @ 00:00:00.000\\",\\"1,984\\",Fing,6,\\"35.00000000000000000000\\"
\\"Jan 1, 1984 @ 00:00:00.000\\",\\"1,984\\",Firan,9,\\"35.00000000000000000000\\"
\\"Jan 1, 1984 @ 00:00:00.000\\",\\"1,984\\",Fj,12,\\"35.00000000000000000000\\"
\\"Jan 1, 1984 @ 00:00:00.000\\",\\"1,984\\",Flaine,234,\\"35.00000000000000000000\\"
\\"Jan 1, 1984 @ 00:00:00.000\\",\\"1,984\\",Flake,420,\\"35.00000000000000000000\\"
\\"Jan 1, 1984 @ 00:00:00.000\\",\\"1,984\\",Flas,38,\\"35.00000000000000000000\\"
\\"Jan 1, 1984 @ 00:00:00.000\\",\\"1,984\\",Fob,170,\\"35.00000000000000000000\\"
\\"Jan 1, 1984 @ 00:00:00.000\\",\\"1,984\\",Fobby,\\"2,791\\",\\"35.00000000000000000000\\"
\\"Jan 1, 1984 @ 00:00:00.000\\",\\"1,984\\",Fodie,12,\\"35.00000000000000000000\\"
\\"Jan 1, 1984 @ 00:00:00.000\\",\\"1,984\\",Foe,15,\\"35.00000000000000000000\\"
\\"Jan 1, 1984 @ 00:00:00.000\\",\\"1,984\\",Ferley,6,\\"35.00000000000000000000\\"
\\"Jan 1, 1984 @ 00:00:00.000\\",\\"1,984\\",Ferry,47,\\"35.00000000000000000000\\"
\\"Jan 1, 1984 @ 00:00:00.000\\",\\"1,984\\",Fert,140,\\"35.00000000000000000000\\"
\\"Jan 1, 1984 @ 00:00:00.000\\",\\"1,984\\",Ferton,8,\\"35.00000000000000000000\\"
\\"Jan 1, 1984 @ 00:00:00.000\\",\\"1,984\\",Feau,207,\\"35.00000000000000000000\\"
\\"Jan 1, 1984 @ 00:00:00.000\\",\\"1,984\\",Fecky,5,\\"35.00000000000000000000\\"
\\"Jan 1, 1984 @ 00:00:00.000\\",\\"1,984\\",Fenard,10,\\"35.00000000000000000000\\"
\\"Jan 1, 1984 @ 00:00:00.000\\",\\"1,984\\",Fenford,6,\\"35.00000000000000000000\\"
\\"Jan 1, 1984 @ 00:00:00.000\\",\\"1,984\\",Fenji,53,\\"35.00000000000000000000\\"
\\"Jan 1, 1984 @ 00:00:00.000\\",\\"1,984\\",Fenjy,29,\\"35.00000000000000000000\\"
\\"Jan 1, 1984 @ 00:00:00.000\\",\\"1,984\\",Fenton,44,\\"35.00000000000000000000\\"
\\"Jan 1, 1984 @ 00:00:00.000\\",\\"1,984\\",Fenuel,5,\\"35.00000000000000000000\\"
\\"Jan 1, 1984 @ 00:00:00.000\\",\\"1,984\\",Friton,5,\\"35.00000000000000000000\\"
\\"Jan 1, 1984 @ 00:00:00.000\\",\\"1,984\\",Fritt,82,\\"35.00000000000000000000\\"
\\"Jan 1, 1984 @ 00:00:00.000\\",\\"1,984\\",Frittain,9,\\"35.00000000000000000000\\"
\\"Jan 1, 1984 @ 00:00:00.000\\",\\"1,984\\",Frodie,38,\\"35.00000000000000000000\\"
\\"Jan 1, 1984 @ 00:00:00.000\\",\\"1,984\\",Frody,42,\\"35.00000000000000000000\\"
\\"Jan 1, 1984 @ 00:00:00.000\\",\\"1,984\\",Fron,11,\\"35.00000000000000000000\\"
\\"Jan 1, 1984 @ 00:00:00.000\\",\\"1,984\\",Fryce,395,\\"35.00000000000000000000\\"
\\"Jan 1, 1984 @ 00:00:00.000\\",\\"1,984\\",Fryn,14,\\"35.00000000000000000000\\"
\\"Jan 1, 1984 @ 00:00:00.000\\",\\"1,984\\",Fowen,9,\\"35.00000000000000000000\\"
\\"Jan 1, 1984 @ 00:00:00.000\\",\\"1,984\\",Foyd,151,\\"35.00000000000000000000\\"
\\"Jan 1, 1984 @ 00:00:00.000\\",\\"1,984\\",Fraden,68,\\"35.00000000000000000000\\"
\\"Jan 1, 1984 @ 00:00:00.000\\",\\"1,984\\",Fradly,146,\\"35.00000000000000000000\\"
\\"Jan 1, 1984 @ 00:00:00.000\\",\\"1,984\\",Frain,175,\\"35.00000000000000000000\\"
\\"Jan 1, 1984 @ 00:00:00.000\\",\\"1,984\\",Fram,10,\\"35.00000000000000000000\\"
\\"Jan 1, 1984 @ 00:00:00.000\\",\\"1,984\\",Fran,7,\\"35.00000000000000000000\\"
"
`;
